// Jest Snapshot v1, https://goo.gl/fbAQLP

exports[`Search renders correctly 1`] = `
<DocumentFragment>
  <form
    class="search-form"
  >
    <input
      class="search-input"
      type="text"
      value=""
    />
    <button
      class="search-btn"
      type="submit"
    >
      Lets Go!
    </button>
  </form>
</DocumentFragment>
`;
